Mono path[0] = 'D:/Project/GitHub/MyMissionSystem/Temp/RelinkTownValidation/Player/RelinkTown_Data/Managed'
Mono config path = 'D:/Project/GitHub/MyMissionSystem/Temp/RelinkTownValidation/Player/MonoBleedingEdge/etc'
Found 1 interfaces on host : 0) 192.168.1.215
Player connection [47576]  Target information:

Player connection [47576]  * "[IP] 192.168.1.215 [Port] 55000 [Flags] 2 [Guid] 3346776462 [EditorId] 3904948688 [Version] 1048832 [Id] WindowsPlayer(2,PC-20260304RBNJ) [Debug] 0 [PackageName] WindowsPlayer [ProjectName] RelinkTownValidation" 

Player connection [47576] Started UDP target info broadcast (1) on [225.0.0.222:54997].

Input System module state changed to: Initialized.
[Physics::Module] Initialized fallback backend.
[Physics::Module] Id: 0xdecafbad
Initialize engine version: 6000.3.10f1 (e35f0c77bd8e)
[Subsystems] Discovering subsystems at path D:/Project/GitHub/MyMissionSystem/Temp/RelinkTownValidation/Player/RelinkTown_Data/UnitySubsystems
Forcing GfxDevice: Direct3D 11
GfxDevice: creating device client; kGfxThreadingModeNonThreaded
Direct3D:
    Version:  Direct3D 11.0 [level 11.1]
    Renderer: NVIDIA GeForce RTX 5080 (ID=0x2c02)
    Vendor:   NVIDIA
    VRAM:     15977 MB
    Driver:   32.0.16.1088
Begin MonoManager ReloadAssembly
- Loaded All Assemblies, in  0.092 seconds
- Finished resetting the current domain, in  0.002 seconds
[Physics::Module] Selected backend.
[Physics::Module] Name: PhysX
[Physics::Module] Id: 0xf2b8ea05
[Physics::Module] SDK Version: 4.1.2
[Physics::Module] Integration Version: 1.0.0
[Physics::Module] Threading Mode: Multi-Threaded
UnloadTime: 0.401300 ms
[Physics::Module] Cleanup current backend.
[Physics::Module] Id: 0xf2b8ea05
Input System module state changed to: ShutdownInProgress.
Input System polling thread exited.
Input System module state changed to: Shutdown.
PlayerConnection::Cleanup##utp:{"type":"MemoryLeaks","version":2,"phase":"Immediate","time":1791359534785,"processId":46276,"allocatedMemory":54873,"memoryLabels":[{"Default":136},{"NewDelete":104},{"Manager":9139},{"VertexData":768},{"GfxDevice":648},{"Audio":752},{"Serialization":520},{"JobScheduler":32768},{"String":422},{"DynamicArray":3584},{"HashMap":3584},{"PoolAlloc":96},{"CloudService":144},{"VR":1872},{"Video":144},{"Subsystems":96},{"Accessibility":80},{"CoreBusinessMetrics":120}]}
